Microchip Technology Inc, v1.36 (B)

Tool Name:
  c:\program files (x86)\microchip\xc16\v1.36\bin\bin\..\bin/elf-ld.exe

Command:
  -p24FJ128GA006 \
  --mdfp=C:/Users/Rodrigo/.mchp_packs/Microchip/PIC24F-GA-GB_DFP/1.3.109/xc16 \
  -o \
  dist/default/production/Placa_Gravacao_Universal.X.production.elf \
  -Lc:/program files (x86)/microchip/xc16/v1.36/bin/bin/.. \
  -LC:/Users/Rodrigo/.mchp_packs/Microchip/PIC24F-GA-GB_DFP/1.3.109/xc16/bin/../support/PIC24F/gld \
  -Lc:/program files (x86)/microchip/xc16/v1.36/bin/bin/../../lib \
  -Lc:/program files (x86)/microchip/xc16/v1.36/bin/bin/../../support/PIC24E/gld \
  -Lc:/program files (x86)/microchip/xc16/v1.36/bin/bin/../../support/PIC24F/gld \
  -Lc:/program files (x86)/microchip/xc16/v1.36/bin/bin/../../support/PIC24H/gld \
  -Lc:/program files (x86)/microchip/xc16/v1.36/bin/bin/../../support/dsPIC30F/gld \
  -Lc:/program files (x86)/microchip/xc16/v1.36/bin/bin/../../support/dsPIC33C/gld \
  -Lc:/program files (x86)/microchip/xc16/v1.36/bin/bin/../../support/dsPIC33E/gld \
  -Lc:/program files (x86)/microchip/xc16/v1.36/bin/bin/../../support/dsPIC33F/gld \
  build/default/production/_ext/1472/bus_RS232_U2.o \
  build/default/production/_ext/1472/bus_slave_gr.o \
  build/default/production/_ext/1472/Gravador USB.o \
  build/default/production/_ext/1472/Memoria.o \
  build/default/production/_ext/1472/PIC_Prog_16F.o \
  build/default/production/_ext/1472/PIC_Prog_16F1XXX.o \
  build/default/production/_ext/1472/PIC_Prog_16F6XX.o \
  build/default/production/_ext/1472/PIC_Prog_16F506.o \
  build/default/production/_ext/1472/PIC_Prog_24FJ.o \
  build/default/production/_ext/1472/ProgExecutive.o \
  build/default/production/_ext/1472/recebe_arq.o \
  build/default/production/_ext/1472/PIC_Prog_16F153XX.o \
  build/default/production/_ext/1472/grava_pic16f15344.o \
  --defsym=__MPLAB_BUILD=1 \
  -Tp24FJ128GA006.gld.00 \
  --stack=16 \
  --check-sections \
  --data-init \
  --pack-data \
  --handles \
  --isr \
  --no-gc-sections \
  --fill-upper=0 \
  --stackguard=16 \
  --library-path=.. \
  --library-path=. \
  --no-force-link \
  --smart-io \
  -Map=dist/default/production/Placa_Gravacao_Universal.X.production.map \
  --report-mem \
  --memorysummary \
  dist/default/production/memoryfile.xml \
  -start-group \
  --library=pic30-elf \
  --library=m-elf \
  --library=c-elf \
  -end-group \


Optional library libpPIC24Fxxx.a not found
Archive member included because of file (symbol)

c:/program files (x86)/microchip/xc16/v1.36/bin/bin/../../lib\libpic30-elf.a(crt0_standard.o)
                              (__resetPRI)
c:/program files (x86)/microchip/xc16/v1.36/bin/bin/../../lib\libpic30-elf.a(data_init_standard.o)
                              c:/program files (x86)/microchip/xc16/v1.36/bin/bin/../../lib\libpic30-elf.a(crt0_standard.o) (__data_init_standard)
c:/program files (x86)/microchip/xc16/v1.36/bin/bin/../../lib\libpic30-elf.a(crt_start_mode_normal.eo)
                              (__crt_start_mode_normal)
c:/program files (x86)/microchip/xc16/v1.36/bin/bin/../../lib\libc-elf.a(memcpy.eo)
                              build/default/production/_ext/1472/PIC_Prog_24FJ.o (_memcpy)


xc16-ld 1.36 (B)

"program" Memory  [Origin = 0x200, Length = 0x155fc]

section                    address   length (PC units)   length (bytes) (dec)
-------                    -------   -----------------   --------------------
.text                        0x200               0x2fa           0x477  (1143)
.text                        0x4fa              0x6652          0x997b  (39291)
.dinit                      0x6b4c                0x22            0x33  (51)

                 Total "program" memory used (bytes):         0x9e25  (40485) 30%


"data" Memory  [Origin = 0x800, Length = 0x2000]

section                    address      alignment gaps    total length  (dec)
-------                    -------      --------------    -------------------
.bss                         0x800                   0          0x1b78  (7032)
.data                       0x2378                   0             0x2  (2)

                 Total "data" memory used (bytes):         0x1b7a  (7034) 85%


Dynamic Memory Usage

region                     address                      maximum length  (dec)
------                     -------                      ---------------------
heap                             0                                   0  (0)
stack                       0x237a                               0x486  (1158)

                 Maximum dynamic memory (bytes):          0x486  (1158)


External Symbols in Data Memory (by address):

                    0x0800                  _bus_rx_buffer
                    0x0878                  _bus_tx_buffer
                    0x08f0                  _buffer
                    0x0922                  _BUS_CRC_tx
                    0x0923                  _BUS_CRC_rx
                    0x0924                  _TesteDebug
                    0x0928                  _bus_tx_buffer_U2
                    0x095a                  _buffer_U2
                    0x098c                  _BUS_CRC_tx_U2
                    0x098d                  _BUS_CRC_rx_U2
                    0x098e                  _board_type_recieved_U2
                    0x098f                  _board_type_U2
                    0x0990                  _addr_recieved_U2
                    0x0991                  _command_recieved_U2
                    0x0992                  _count_byte_rx_U2
                    0x0993                  _count_byte_line_U2
                    0x0994                  _count_byte_tx_U2
                    0x0995                  _num_bytes_U2
                    0x0996                  _rx_timeout_U2
                    0x0998                  _recieved_a_message_U2
                    0x0999                  _tx_state_U2
                    0x099a                  _process_message_U2
                    0x099b                  _message_to_send_U2
                    0x099c                  _CheckSum
                    0x099d                  _CheckSum_x
                    0x099e                  _CheckSum_y
                    0x099f                  _TempHex
                    0x09a0                  _tx_delay_U2
                    0x09a2                  _ReceiverState
                    0x09a3                  _board_type_recieved
                    0x09a4                  _addr_value
                    0x09a5                  _addr_recieved
                    0x09a6                  _send_msg_state
                    0x09a7                  _command_recieved
                    0x09a8                  _rx_count
                    0x09a9                  _count_byte_tx
                    0x09aa                  _num_bytes
                    0x09ab                  _BUS_ACK
                    0x09ac                  _full_recieved
                    0x09ad                  _broadcast
                    0x09ae                  _rx_timeout
                    0x09af                  _count_byte_rx
                    0x09b0                  _recieved_a_message
                    0x09b1                  _tx_state
                    0x09b2                  _process_message
                    0x09b3                  _message_to_send
                    0x09b4                  _time_adc
                    0x09b5                  _temp
                    0x09b6                  _NumProg
                    0x09b8                  _mseg_temp
                    0x09ba                  _mseg_temp_x
                    0x09bc                  _mileseg_temp
                    0x09be                  _seconds_temp
                    0x09c0                  _ADCValue
                    0x09c2                  _time_delay
                    0x09c4                  _tx_delay
                    0x09c6                  _ADCValue_1
                    0x09ca                  _temp_debug
                    0x09cc                  __flags_2
                    0x09ce                  __flags
                    0x09d0                  _ByteCount
                    0x09d2                  _Address
                    0x09d4                  _RecordType
                    0x09d5                  _DataHex
                    0x09e5                  _DelayTera
                    0x09e6                  _DelayTprogMem
                    0x09e7                  _DelayTprogData
                    0x09e8                  _DelayThld0
                    0x09ea                  _DelayProg
                    0x09ec                  _ContError
                    0x09ee                  _flag_344
                    0x09f0                  _Temp
                    0x09f2                  _Instrucoes16F
                    0x09f4                  _BufferLine
                    0x0bf4                  _BufferTeste
                    0x0df4                  _BufferTesteFlash
                    0x0ff4                  _MemoryBuffer
                    0x11f6                  _packed_instructions
                    0x120e                  _VersaoSW
                    0x121a                  _StatusGr
                    0x121b                  _Processador
                    0x121c                  _AddrGR
                    0x121d                  _LoopFlash
                    0x121e                  _CountBlock
                    0x1220                  _teste_count
                    0x1222                  _IndexBuffer
                    0x1224                  _MaxMemory
                    0x1226                  _LastAddr
                    0x122a                  _AddrFlash
                    0x122e                  _EnderecoFlash
                    0x1232                  _Endereco
                    0x1236                  _Endereco16F
                    0x123a                  _Endereco24F
                    0x123e                  _EnderecoBase
                    0x1242                  _DestEnder
                    0x1246                  _EndFinal
                    0x124a                  _conf_address1
                    0x124e                  _conf_address2
                    0x1252                  _conf_address3
                    0x1256                  _conf_address4
                    0x125a                  _ADCValueVpp
                    0x125c                  _ADCValueVdd
                    0x125e                  _ADCValueV
                    0x1260                  _WordProg
                    0x2260                  _AddrProg
                    0x2262                  _ConfWord
                    0x2264                  _ContByteProg
                    0x2266                  _AddrData
                    0x2268                  _BufferTemporario
                    0x2330                  _BufferError
                    0x2358                  _AddressTeste1
                    0x235a                  _AddressTeste2
                    0x235c                  _ContPacked
                    0x235d                  _CountRead
                    0x235e                  _CountWord
                    0x2360                  _cw1
                    0x2362                  _cw2
                    0x2364                  _cw3
                    0x2366                  _cw4
                    0x2368                  _AuxTest
                    0x236c                  _c_asm_char
                    0x2378                  _blocoDeInstrucoes

External Symbols in Data Memory (by name):

                    0x09c0                  _ADCValue
                    0x125e                  _ADCValueV
                    0x125c                  _ADCValueVdd
                    0x125a                  _ADCValueVpp
                    0x09c6                  _ADCValue_1
                    0x2266                  _AddrData
                    0x122a                  _AddrFlash
                    0x121c                  _AddrGR
                    0x2260                  _AddrProg
                    0x09d2                  _Address
                    0x2358                  _AddressTeste1
                    0x235a                  _AddressTeste2
                    0x2368                  _AuxTest
                    0x09ab                  _BUS_ACK
                    0x0923                  _BUS_CRC_rx
                    0x098d                  _BUS_CRC_rx_U2
                    0x0922                  _BUS_CRC_tx
                    0x098c                  _BUS_CRC_tx_U2
                    0x2330                  _BufferError
                    0x09f4                  _BufferLine
                    0x2268                  _BufferTemporario
                    0x0bf4                  _BufferTeste
                    0x0df4                  _BufferTesteFlash
                    0x09d0                  _ByteCount
                    0x099c                  _CheckSum
                    0x099d                  _CheckSum_x
                    0x099e                  _CheckSum_y
                    0x2262                  _ConfWord
                    0x2264                  _ContByteProg
                    0x09ec                  _ContError
                    0x235c                  _ContPacked
                    0x121e                  _CountBlock
                    0x235d                  _CountRead
                    0x235e                  _CountWord
                    0x09d5                  _DataHex
                    0x09ea                  _DelayProg
                    0x09e5                  _DelayTera
                    0x09e8                  _DelayThld0
                    0x09e7                  _DelayTprogData
                    0x09e6                  _DelayTprogMem
                    0x1242                  _DestEnder
                    0x1246                  _EndFinal
                    0x1232                  _Endereco
                    0x1236                  _Endereco16F
                    0x123a                  _Endereco24F
                    0x123e                  _EnderecoBase
                    0x122e                  _EnderecoFlash
                    0x1222                  _IndexBuffer
                    0x09f2                  _Instrucoes16F
                    0x1226                  _LastAddr
                    0x121d                  _LoopFlash
                    0x1224                  _MaxMemory
                    0x0ff4                  _MemoryBuffer
                    0x09b6                  _NumProg
                    0x121b                  _Processador
                    0x09a2                  _ReceiverState
                    0x09d4                  _RecordType
                    0x121a                  _StatusGr
                    0x09f0                  _Temp
                    0x099f                  _TempHex
                    0x0924                  _TesteDebug
                    0x120e                  _VersaoSW
                    0x1260                  _WordProg
                    0x09ce                  __flags
                    0x09cc                  __flags_2
                    0x09a5                  _addr_recieved
                    0x0990                  _addr_recieved_U2
                    0x09a4                  _addr_value
                    0x2378                  _blocoDeInstrucoes
                    0x098f                  _board_type_U2
                    0x09a3                  _board_type_recieved
                    0x098e                  _board_type_recieved_U2
                    0x09ad                  _broadcast
                    0x08f0                  _buffer
                    0x095a                  _buffer_U2
                    0x0800                  _bus_rx_buffer
                    0x0878                  _bus_tx_buffer
                    0x0928                  _bus_tx_buffer_U2
                    0x236c                  _c_asm_char
                    0x09a7                  _command_recieved
                    0x0991                  _command_recieved_U2
                    0x124a                  _conf_address1
                    0x124e                  _conf_address2
                    0x1252                  _conf_address3
                    0x1256                  _conf_address4
                    0x0993                  _count_byte_line_U2
                    0x09af                  _count_byte_rx
                    0x0992                  _count_byte_rx_U2
                    0x09a9                  _count_byte_tx
                    0x0994                  _count_byte_tx_U2
                    0x2360                  _cw1
                    0x2362                  _cw2
                    0x2364                  _cw3
                    0x2366                  _cw4
                    0x09ee                  _flag_344
                    0x09ac                  _full_recieved
                    0x09b3                  _message_to_send
                    0x099b                  _message_to_send_U2
                    0x09bc                  _mileseg_temp
                    0x09b8                  _mseg_temp
                    0x09ba                  _mseg_temp_x
                    0x09aa                  _num_bytes
                    0x0995                  _num_bytes_U2
                    0x11f6                  _packed_instructions
                    0x09b2                  _process_message
                    0x099a                  _process_message_U2
                    0x09b0                  _recieved_a_message
                    0x0998                  _recieved_a_message_U2
                    0x09a8                  _rx_count
                    0x09ae                  _rx_timeout
                    0x0996                  _rx_timeout_U2
                    0x09be                  _seconds_temp
                    0x09a6                  _send_msg_state
                    0x09b5                  _temp
                    0x09ca                  _temp_debug
                    0x1220                  _teste_count
                    0x09b4                  _time_adc
                    0x09c2                  _time_delay
                    0x09c4                  _tx_delay
                    0x09a0                  _tx_delay_U2
                    0x09b1                  _tx_state
                    0x0999                  _tx_state_U2

External Symbols in Program Memory (by address):

                  0x000200                  __resetPRI
                  0x00023c                  __psv_init
                  0x000252                  __data_init_standard
                  0x000252                  __data_init
                  0x0002cc                  __ADC1Interrupt
                  0x0002ee                  __T1Interrupt
                  0x0004e6                  __DefaultInterrupt
                  0x0004ec                  _memcpy
                  0x0004fa                  _SendSIX_startup
                  0x00053c                  _SendSIX_Command
                  0x000a3c                  _SendREGOUT_Command
                  0x000bec                  _SendKeySequence
                  0x000c6c                  _EnterICSP_Mode
                  0x000ce4                  _ExitICSP_Mode
                  0x000d06                  _ExitResetVector
                  0x000d16                  _AguardaWR1
                  0x000d44                  _ChipErase
                  0x000d94                  _PackInstructions
                  0x001052                  _BlockProgramCycle
                  0x00122e                  _UnpackInstructions
                  0x001308                  _ReadBlockFromProgMem
                  0x00157a                  _LeConfigurationMemory24FJ
                  0x001800                  _ProgramConfigurationMemory24FJ
                  0x001b5e                  _SendBlock24FJ
                  0x001b90                  _InicializaBloco
                  0x001bb4                  _MontaBloco64
                  0x001df6                  _Programa24FJ
                  0x001f7c                  _ReadExecutiveData
                  0x0020ae                  _SendExecutiveData
                  0x002238                  _LeAppID
                  0x0022cc                  _ProgExecutiveProg
                  0x0023ec                  _EraseExecutiveProg
                  0x00252c                  _Programa24fjExecutiveFlash
                  0x00281a                  _VerifyExecutive
                  0x0028c8                  _ProgExecutive24FJ
                  0x0029a2                  _BlockProgramCycleExecutive
                  0x002c24                  _ProgramaConfigBit
                  0x002d60                  _ProgramaBloco
                  0x002e78                  _BlockProgramFlash
                  0x003012                  _p16c_enter_progmode
                  0x003052                  _isp_send_8_msb
                  0x0030c6                  _isp_send_24_msb
                  0x0031a8                  _isp_read_8_msb
                  0x003228                  _isp_read_16_msb
                  0x0032a8                  _p16c_set_pc
                  0x0032d8                  _p16c_bulk_erase
                  0x0032e6                  _p16c_load_nvm
                  0x003346                  _p16c_read_data_nvm
                  0x00339c                  _p16c_begin_prog
                  0x0033b6                  _p16c_get_ID
                  0x0033c6                  _p16c_isp_write_pgm
                  0x003404                  _p16c_isp_read_pgm
                  0x00343a                  _isp_inc_pointer
                  0x003444                  _ExitWordMode344_1
                  0x00345c                  _EnterProgMode344_xx
                  0x00349c                  _MontaHeader_1
                  0x0035d2                  _MontaProg344_1
                  0x00368e                  _ProgWord344_1
                  0x003710                  _VerifyProgMem344_1
                  0x003876                  _ProgConfigMem344_1
                  0x003918                  _ProgData344_1
                  0x00393a                  _ExitProgMode344_1
                  0x003952                  _grava_pic16f15344
                  0x003c0c                  _BulkEraseProgData1828
                  0x003c70                  _EnterProgMode1828
                  0x003cb0                  _ExitProgMode1828
                  0x003cc8                  _Programa1828
                  0x003f6c                  _ProgData1828
                  0x003ff0                  _MontaProg1828
                  0x0040f0                  _ProgWord1828
                  0x00417c                  _VerifyProgMem1828
                  0x0042ee                  _ProgConfigMem1828
                  0x0043c6                  _ProcessaArquivo
                  0x004950                  _GravaBuffer
                  0x0049c4                  _TesteMemory
                  0x004b08                  _CharToHex
                  0x004b30                  _MontaHeader
                  0x004c66                  _ShiftCommand
                  0x004f42                  _SendCommand
                  0x005202                  _DelayCycles
                  0x005212                  _main
                  0x0054f4                  _delay_50us
                  0x00550a                  _ChaveState
                  0x005552                  _InitGr
                  0x0058e4                  _BulkEraseProgData677
                  0x005960                  _EnterProgMode677
                  0x0059a0                  _ExitProgMode677
                  0x0059b8                  _Programa677
                  0x005b86                  _ProgFourWord677
                  0x005d5a                  _VerifyProgMem677
                  0x005ec2                  _ProgConfigMem677
                  0x005f3a                  _BulkEraseProgData506
                  0x006016                  _EnterProgMode506
                  0x006056                  _ExitProgMode506
                  0x00606e                  _Programa506
                  0x0061ee                  _MontaProg506
                  0x006288                  _ProgOneWord506
                  0x00634e                  _recieve_message
                  0x0064e4                  _send_message
                  0x006670                  _MemorySendBlock
                  0x006696                  _MemoryGetByte
                  0x0066a8                  _MemoryGetBlock
                  0x0066d0                  _MemorySendCmd
                  0x0066ec                  _MemorySendAddr
                  0x00671e                  _MemoryBusyPin
                  0x006756                  _MemoryReadSector
                  0x006794                  _MemoryReadN
                  0x0067e0                  _MemoryLog
                  0x006806                  _MemoryWriteSector
                  0x00684a                  _MemoryReadLabel
                  0x00688c                  _MemoryWriteLabel
                  0x0068d0                  _MemoryEraseBlock
                  0x006906                  _recieve_message_U2
                  0x006a54                  _send_message_U2

External Symbols in Program Memory (by name):

                  0x000d16                  _AguardaWR1
                  0x001052                  _BlockProgramCycle
                  0x0029a2                  _BlockProgramCycleExecutive
                  0x002e78                  _BlockProgramFlash
                  0x003c0c                  _BulkEraseProgData1828
                  0x005f3a                  _BulkEraseProgData506
                  0x0058e4                  _BulkEraseProgData677
                  0x004b08                  _CharToHex
                  0x00550a                  _ChaveState
                  0x000d44                  _ChipErase
                  0x005202                  _DelayCycles
                  0x000c6c                  _EnterICSP_Mode
                  0x003c70                  _EnterProgMode1828
                  0x00345c                  _EnterProgMode344_xx
                  0x006016                  _EnterProgMode506
                  0x005960                  _EnterProgMode677
                  0x0023ec                  _EraseExecutiveProg
                  0x000ce4                  _ExitICSP_Mode
                  0x003cb0                  _ExitProgMode1828
                  0x00393a                  _ExitProgMode344_1
                  0x006056                  _ExitProgMode506
                  0x0059a0                  _ExitProgMode677
                  0x000d06                  _ExitResetVector
                  0x003444                  _ExitWordMode344_1
                  0x004950                  _GravaBuffer
                  0x001b90                  _InicializaBloco
                  0x005552                  _InitGr
                  0x002238                  _LeAppID
                  0x00157a                  _LeConfigurationMemory24FJ
                  0x00671e                  _MemoryBusyPin
                  0x0068d0                  _MemoryEraseBlock
                  0x0066a8                  _MemoryGetBlock
                  0x006696                  _MemoryGetByte
                  0x0067e0                  _MemoryLog
                  0x00684a                  _MemoryReadLabel
                  0x006794                  _MemoryReadN
                  0x006756                  _MemoryReadSector
                  0x0066ec                  _MemorySendAddr
                  0x006670                  _MemorySendBlock
                  0x0066d0                  _MemorySendCmd
                  0x00688c                  _MemoryWriteLabel
                  0x006806                  _MemoryWriteSector
                  0x001bb4                  _MontaBloco64
                  0x004b30                  _MontaHeader
                  0x00349c                  _MontaHeader_1
                  0x003ff0                  _MontaProg1828
                  0x0035d2                  _MontaProg344_1
                  0x0061ee                  _MontaProg506
                  0x000d94                  _PackInstructions
                  0x0043c6                  _ProcessaArquivo
                  0x0042ee                  _ProgConfigMem1828
                  0x003876                  _ProgConfigMem344_1
                  0x005ec2                  _ProgConfigMem677
                  0x003f6c                  _ProgData1828
                  0x003918                  _ProgData344_1
                  0x0028c8                  _ProgExecutive24FJ
                  0x0022cc                  _ProgExecutiveProg
                  0x005b86                  _ProgFourWord677
                  0x006288                  _ProgOneWord506
                  0x0040f0                  _ProgWord1828
                  0x00368e                  _ProgWord344_1
                  0x001800                  _ProgramConfigurationMemory24FJ
                  0x003cc8                  _Programa1828
                  0x001df6                  _Programa24FJ
                  0x00252c                  _Programa24fjExecutiveFlash
                  0x00606e                  _Programa506
                  0x0059b8                  _Programa677
                  0x002d60                  _ProgramaBloco
                  0x002c24                  _ProgramaConfigBit
                  0x001308                  _ReadBlockFromProgMem
                  0x001f7c                  _ReadExecutiveData
                  0x001b5e                  _SendBlock24FJ
                  0x004f42                  _SendCommand
                  0x0020ae                  _SendExecutiveData
                  0x000bec                  _SendKeySequence
                  0x000a3c                  _SendREGOUT_Command
                  0x00053c                  _SendSIX_Command
                  0x0004fa                  _SendSIX_startup
                  0x004c66                  _ShiftCommand
                  0x0049c4                  _TesteMemory
                  0x00122e                  _UnpackInstructions
                  0x00281a                  _VerifyExecutive
                  0x00417c                  _VerifyProgMem1828
                  0x003710                  _VerifyProgMem344_1
                  0x005d5a                  _VerifyProgMem677
                  0x0002cc                  __ADC1Interrupt
                  0x0004e6                  __DefaultInterrupt
                  0x0002ee                  __T1Interrupt
                  0x000252                  __data_init
                  0x000252                  __data_init_standard
                  0x00023c                  __psv_init
                  0x000200                  __resetPRI
                  0x0054f4                  _delay_50us
                  0x003952                  _grava_pic16f15344
                  0x00343a                  _isp_inc_pointer
                  0x003228                  _isp_read_16_msb
                  0x0031a8                  _isp_read_8_msb
                  0x0030c6                  _isp_send_24_msb
                  0x003052                  _isp_send_8_msb
                  0x005212                  _main
                  0x0004ec                  _memcpy
                  0x00339c                  _p16c_begin_prog
                  0x0032d8                  _p16c_bulk_erase
                  0x003012                  _p16c_enter_progmode
                  0x0033b6                  _p16c_get_ID
                  0x003404                  _p16c_isp_read_pgm
                  0x0033c6                  _p16c_isp_write_pgm
                  0x0032e6                  _p16c_load_nvm
                  0x003346                  _p16c_read_data_nvm
                  0x0032a8                  _p16c_set_pc
                  0x00634e                  _recieve_message
                  0x006906                  _recieve_message_U2
                  0x0064e4                  _send_message
                  0x006a54                  _send_message_U2

Memory Configuration

Name             Origin             Length             Attributes
data             0x000800           0x002000           a !xr
reset            0x000000           0x000004  
ivt              0x000004           0x0000fc  
_reserved        0x000100           0x000004  
aivt             0x000104           0x0000fc  
program          0x000200           0x0155fc           xr
CONFIG2          0x0157fc           0x000002  
CONFIG1          0x0157fe           0x000002  
*default*        0x000000           0xffffffff  

Linker script and memory map

LOAD build/default/production/_ext/1472/bus_RS232_U2.o
LOAD build/default/production/_ext/1472/bus_slave_gr.o
LOAD build/default/production/_ext/1472/Gravador USB.o
LOAD build/default/production/_ext/1472/Memoria.o
LOAD build/default/production/_ext/1472/PIC_Prog_16F.o
LOAD build/default/production/_ext/1472/PIC_Prog_16F1XXX.o
LOAD build/default/production/_ext/1472/PIC_Prog_16F6XX.o
LOAD build/default/production/_ext/1472/PIC_Prog_16F506.o
LOAD build/default/production/_ext/1472/PIC_Prog_24FJ.o
LOAD build/default/production/_ext/1472/ProgExecutive.o
LOAD build/default/production/_ext/1472/recebe_arq.o
LOAD build/default/production/_ext/1472/PIC_Prog_16F153XX.o
LOAD build/default/production/_ext/1472/grava_pic16f15344.o
                    0x0001                  __MPLAB_BUILD = 0x1
LOAD pPIC24Fxxx
LOAD c:/program files (x86)/microchip/xc16/v1.36/bin/bin/../../lib\libfx-elf.a
                    0x157fc                  __CONFIG2 = 0x157fc
                    0x157fe                  __CONFIG1 = 0x157fe
                    0x0200                  __CODE_BASE = 0x200
                    0x155fc                  __CODE_LENGTH = 0x155fc
                    0x0004                  __IVT_BASE = 0x4
                    0x0104                  __AIVT_BASE = 0x104
                    0x0800                  __DATA_BASE = 0x800
                    0x2000                  __DATA_LENGTH = 0x2000

.reset            0x000000          0x4
                  0x000000          0x2 SHORT 0x200 ABSOLUTE (__reset)
                  0x000001          0x2 SHORT 0x4
                  0x000002          0x2 SHORT 0x0 ((ABSOLUTE (__reset) >> 0x10) & 0x7f)
                  0x000003          0x2 SHORT 0x0

.text             0x000200        0x2fa
 *(.init)
 .init            0x000200         0x4c c:/program files (x86)/microchip/xc16/v1.36/bin/bin/../../lib\libpic30-elf.a(crt0_standard.o)
                  0x000200                  __resetPRI
                  0x000200                  __reset
                  0x00023c                  __psv_init
 .init            0x00024c         0x7c c:/program files (x86)/microchip/xc16/v1.36/bin/bin/../../lib\libpic30-elf.a(data_init_standard.o)
                  0x000252                  __data_init_standard
                  0x000252                  __data_init
 *(.user_init)
 *(.handle)
 .handle          0x0002c8          0x4 jump_table
 *(.isr*)
 .isr.text        0x0002cc        0x21a build/default/production/_ext/1472/Gravador USB.o
                  0x0002cc                  __ADC1Interrupt
                  0x0002ee                  __T1Interrupt
 .isr             0x0004e6          0x4 default_isr
                  0x0004e6                  __DefaultInterrupt
 *(.libc)
 *(.libm)
 *(.libdsp)
 *(.lib*)
 .libpic30_crt_start_mode
                  0x0004ea          0x2 c:/program files (x86)/microchip/xc16/v1.36/bin/bin/../../lib\libpic30-elf.a(crt_start_mode_normal.eo)
                  0x0004ea                  __crt_start_mode
                  0x0004ea                  __crt_start_mode_normal
 .libc.memcpy     0x0004ec          0xe c:/program files (x86)/microchip/xc16/v1.36/bin/bin/../../lib\libc-elf.a(memcpy.eo)
                  0x0004ec                  _memcpy

usercode
 *(usercode)

__CONFIG2         0x0157fc          0x2
 *(__CONFIG2.sec*)
 __CONFIG2.sec    0x0157fc          0x2 build/default/production/_ext/1472/Gravador USB.o

__CONFIG1         0x0157fe          0x2
 *(__CONFIG1.sec*)
 __CONFIG1.sec    0x0157fe          0x2 build/default/production/_ext/1472/Gravador USB.o

.comment
 *(.comment)

.debug_info       0x000000       0xa468
 *(.debug_info)
 .debug_info      0x000000        0x550 build/default/production/_ext/1472/bus_RS232_U2.o
 .debug_info      0x000550        0x68e build/default/production/_ext/1472/bus_slave_gr.o
 .debug_info      0x000bde       0x2f7d build/default/production/_ext/1472/Gravador USB.o
 .debug_info      0x003b5b        0x613 build/default/production/_ext/1472/Memoria.o
 .debug_info      0x00416e        0x7e8 build/default/production/_ext/1472/PIC_Prog_16F.o
 .debug_info      0x004956        0xaf8 build/default/production/_ext/1472/PIC_Prog_16F1XXX.o
 .debug_info      0x00544e        0x9ac build/default/production/_ext/1472/PIC_Prog_16F6XX.o
 .debug_info      0x005dfa        0x85d build/default/production/_ext/1472/PIC_Prog_16F506.o
 .debug_info      0x006657       0x12fe build/default/production/_ext/1472/PIC_Prog_24FJ.o
 .debug_info      0x007955       0x130c build/default/production/_ext/1472/ProgExecutive.o
 .debug_info      0x008c61        0x826 build/default/production/_ext/1472/recebe_arq.o
 .debug_info      0x009487        0xfe1 build/default/production/_ext/1472/grava_pic16f15344.o
 *(.gnu.linkonce.wi.*)

.debug_abbrev     0x000000       0x13f2
 *(.debug_abbrev)
 .debug_abbrev    0x000000         0xf9 build/default/production/_ext/1472/bus_RS232_U2.o
 .debug_abbrev    0x0000f9        0x10e build/default/production/_ext/1472/bus_slave_gr.o
 .debug_abbrev    0x000207        0x269 build/default/production/_ext/1472/Gravador USB.o
 .debug_abbrev    0x000470        0x103 build/default/production/_ext/1472/Memoria.o
 .debug_abbrev    0x000573        0x1a2 build/default/production/_ext/1472/PIC_Prog_16F.o
 .debug_abbrev    0x000715        0x1bd build/default/production/_ext/1472/PIC_Prog_16F1XXX.o
 .debug_abbrev    0x0008d2        0x1d3 build/default/production/_ext/1472/PIC_Prog_16F6XX.o
 .debug_abbrev    0x000aa5        0x16f build/default/production/_ext/1472/PIC_Prog_16F506.o
 .debug_abbrev    0x000c14        0x21a build/default/production/_ext/1472/PIC_Prog_24FJ.o
 .debug_abbrev    0x000e2e        0x1f4 build/default/production/_ext/1472/ProgExecutive.o
 .debug_abbrev    0x001022        0x177 build/default/production/_ext/1472/recebe_arq.o
 .debug_abbrev    0x001199          0x1 build/default/production/_ext/1472/PIC_Prog_16F153XX.o
 .debug_abbrev    0x00119a        0x258 build/default/production/_ext/1472/grava_pic16f15344.o

.debug_line       0x000000       0x202d
 *(.debug_line)
 .debug_line      0x000000        0x159 build/default/production/_ext/1472/bus_RS232_U2.o
 .debug_line      0x000159        0x17f build/default/production/_ext/1472/bus_slave_gr.o
 .debug_line      0x0002d8        0x2c4 build/default/production/_ext/1472/Gravador USB.o
 .debug_line      0x00059c        0x18a build/default/production/_ext/1472/Memoria.o
 .debug_line      0x000726        0x332 build/default/production/_ext/1472/PIC_Prog_16F.o
 .debug_line      0x000a58        0x25d build/default/production/_ext/1472/PIC_Prog_16F1XXX.o
 .debug_line      0x000cb5        0x23a build/default/production/_ext/1472/PIC_Prog_16F6XX.o
 .debug_line      0x000eef        0x1d2 build/default/production/_ext/1472/PIC_Prog_16F506.o
 .debug_line      0x0010c1        0x573 build/default/production/_ext/1472/PIC_Prog_24FJ.o
 .debug_line      0x001634        0x407 build/default/production/_ext/1472/ProgExecutive.o
 .debug_line      0x001a3b        0x20e build/default/production/_ext/1472/recebe_arq.o
 .debug_line      0x001c49         0x1a build/default/production/_ext/1472/PIC_Prog_16F153XX.o
 .debug_line      0x001c63        0x3ca build/default/production/_ext/1472/grava_pic16f15344.o

.debug_frame      0x000000        0xd14
 *(.debug_frame)
 .debug_frame     0x000000         0x4c build/default/production/_ext/1472/bus_RS232_U2.o
 .debug_frame     0x00004c         0x4c build/default/production/_ext/1472/bus_slave_gr.o
 .debug_frame     0x000098         0xf2 build/default/production/_ext/1472/Gravador USB.o
 .debug_frame     0x00018a        0x180 build/default/production/_ext/1472/Memoria.o
 .debug_frame     0x00030a         0xa6 build/default/production/_ext/1472/PIC_Prog_16F.o
 .debug_frame     0x0003b0        0x110 build/default/production/_ext/1472/PIC_Prog_16F1XXX.o
 .debug_frame     0x0004c0         0xd8 build/default/production/_ext/1472/PIC_Prog_16F6XX.o
 .debug_frame     0x000598         0xbc build/default/production/_ext/1472/PIC_Prog_16F506.o
 .debug_frame     0x000654        0x234 build/default/production/_ext/1472/PIC_Prog_24FJ.o
 .debug_frame     0x000888        0x164 build/default/production/_ext/1472/ProgExecutive.o
 .debug_frame     0x0009ec         0x68 build/default/production/_ext/1472/recebe_arq.o
 .debug_frame     0x000a54        0x2c0 build/default/production/_ext/1472/grava_pic16f15344.o

.debug_str        0x000000        0xd74
 *(.debug_str)
 .debug_str       0x000000         0xd2 build/default/production/_ext/1472/bus_RS232_U2.o
 .debug_str       0x0000d2         0xee build/default/production/_ext/1472/bus_slave_gr.o
 .debug_str       0x0001c0        0x34e build/default/production/_ext/1472/Gravador USB.o
 .debug_str       0x00050e         0x19 build/default/production/_ext/1472/Memoria.o
 .debug_str       0x000527         0x58 build/default/production/_ext/1472/PIC_Prog_16F.o
 .debug_str       0x00057f         0xdb build/default/production/_ext/1472/PIC_Prog_16F1XXX.o
 .debug_str       0x00065a         0xb8 build/default/production/_ext/1472/PIC_Prog_16F6XX.o
 .debug_str       0x000712         0xbd build/default/production/_ext/1472/PIC_Prog_16F506.o
 .debug_str       0x0007cf        0x1d0 build/default/production/_ext/1472/PIC_Prog_24FJ.o
 .debug_str       0x00099f        0x1b5 build/default/production/_ext/1472/ProgExecutive.o
 .debug_str       0x000b54        0x12d build/default/production/_ext/1472/recebe_arq.o
 .debug_str       0x000c81         0xf3 build/default/production/_ext/1472/grava_pic16f15344.o

.debug_loc
 *(.debug_loc)

.debug_macinfo
 *(.debug_macinfo)

.debug_pubnames
                  0x000000       0x10e7
 *(.debug_pubnames)
 .debug_pubnames
                  0x000000         0x3d build/default/production/_ext/1472/bus_RS232_U2.o
 .debug_pubnames
                  0x00003d         0x37 build/default/production/_ext/1472/bus_slave_gr.o
 .debug_pubnames
                  0x000074        0x7f5 build/default/production/_ext/1472/Gravador USB.o
 .debug_pubnames
                  0x000869        0x109 build/default/production/_ext/1472/Memoria.o
 .debug_pubnames
                  0x000972         0x61 build/default/production/_ext/1472/PIC_Prog_16F.o
 .debug_pubnames
                  0x0009d3         0xc8 build/default/production/_ext/1472/PIC_Prog_16F1XXX.o
 .debug_pubnames
                  0x000a9b         0xa2 build/default/production/_ext/1472/PIC_Prog_16F6XX.o
 .debug_pubnames
                  0x000b3d         0x88 build/default/production/_ext/1472/PIC_Prog_16F506.o
 .debug_pubnames
                  0x000bc5        0x1c4 build/default/production/_ext/1472/PIC_Prog_24FJ.o
 .debug_pubnames
                  0x000d89        0x11d build/default/production/_ext/1472/ProgExecutive.o
 .debug_pubnames
                  0x000ea6         0x46 build/default/production/_ext/1472/recebe_arq.o
 .debug_pubnames
                  0x000eec        0x1fb build/default/production/_ext/1472/grava_pic16f15344.o

.debug_ranges
 *(.debug_ranges)

.debug_aranges    0x000000        0x120
 *(.debug_aranges)
 .debug_aranges
                  0x000000         0x18 build/default/production/_ext/1472/bus_RS232_U2.o
 .debug_aranges
                  0x000018         0x18 build/default/production/_ext/1472/bus_slave_gr.o
 .debug_aranges
                  0x000030         0x18 build/default/production/_ext/1472/Gravador USB.o
 .debug_aranges
                  0x000048         0x18 build/default/production/_ext/1472/Memoria.o
 .debug_aranges
                  0x000060         0x18 build/default/production/_ext/1472/PIC_Prog_16F.o
 .debug_aranges
                  0x000078         0x18 build/default/production/_ext/1472/PIC_Prog_16F1XXX.o
 .debug_aranges
                  0x000090         0x18 build/default/production/_ext/1472/PIC_Prog_16F6XX.o
 .debug_aranges
                  0x0000a8         0x18 build/default/production/_ext/1472/PIC_Prog_16F506.o
 .debug_aranges
                  0x0000c0         0x18 build/default/production/_ext/1472/PIC_Prog_24FJ.o
 .debug_aranges
                  0x0000d8         0x18 build/default/production/_ext/1472/ProgExecutive.o
 .debug_aranges
                  0x0000f0         0x18 build/default/production/_ext/1472/recebe_arq.o
 .debug_aranges
                  0x000108         0x18 build/default/production/_ext/1472/grava_pic16f15344.o
                    0x0000                  WREG0 = 0x0
                    0x0000                  _WREG0 = 0x0
                    0x0002                  WREG1 = 0x2
                    0x0002                  _WREG1 = 0x2
                    0x0004                  WREG2 = 0x4
                    0x0004                  _WREG2 = 0x4
                    0x0006                  WREG3 = 0x6
                    0x0006                  _WREG3 = 0x6
                    0x0008                  WREG4 = 0x8
                    0x0008                  _WREG4 = 0x8
                    0x000a                  WREG5 = 0xa
                    0x000a                  _WREG5 = 0xa
                    0x000c                  WREG6 = 0xc
                    0x000c                  _WREG6 = 0xc
                    0x000e                  WREG7 = 0xe
                    0x000e                  _WREG7 = 0xe
                    0x0010                  WREG8 = 0x10
                    0x0010                  _WREG8 = 0x10
                    0x0012                  WREG9 = 0x12
                    0x0012                  _WREG9 = 0x12
                    0x0014                  WREG10 = 0x14
                    0x0014                  _WREG10 = 0x14
                    0x0016                  WREG11 = 0x16
                    0x0016                  _WREG11 = 0x16
                    0x0018                  WREG12 = 0x18
                    0x0018                  _WREG12 = 0x18
                    0x001a                  WREG13 = 0x1a
                    0x001a                  _WREG13 = 0x1a
                    0x001c                  WREG14 = 0x1c
                    0x001c                  _WREG14 = 0x1c
                    0x001e                  WREG15 = 0x1e
                    0x001e                  _WREG15 = 0x1e
                    0x0020                  SPLIM = 0x20
                    0x0020                  _SPLIM = 0x20
                    0x002e                  PCL = 0x2e
                    0x002e                  _PCL = 0x2e
                    0x0030                  PCH = 0x30
                    0x0030                  _PCH = 0x30
                    0x0032                  TBLPAG = 0x32
                    0x0032                  _TBLPAG = 0x32
                    0x0034                  PSVPAG = 0x34
                    0x0034                  _PSVPAG = 0x34
                    0x0036                  RCOUNT = 0x36
                    0x0036                  _RCOUNT = 0x36
                    0x0042                  SR = 0x42
                    0x0042                  _SR = 0x42
                    0x0042                  _SRbits = 0x42
                    0x0044                  CORCON = 0x44
                    0x0044                  _CORCON = 0x44
                    0x0044                  _CORCONbits = 0x44
                    0x0052                  DISICNT = 0x52
                    0x0052                  _DISICNT = 0x52
                    0x0060                  CNEN1 = 0x60
                    0x0060                  _CNEN1 = 0x60
                    0x0060                  _CNEN1bits = 0x60
                    0x0062                  CNEN2 = 0x62
                    0x0062                  _CNEN2 = 0x62
                    0x0062                  _CNEN2bits = 0x62
                    0x0068                  CNPU1 = 0x68
                    0x0068                  _CNPU1 = 0x68
                    0x0068                  _CNPU1bits = 0x68
                    0x006a                  CNPU2 = 0x6a
                    0x006a                  _CNPU2 = 0x6a
                    0x006a                  _CNPU2bits = 0x6a
                    0x0080                  INTCON1 = 0x80
                    0x0080                  _INTCON1 = 0x80
                    0x0080                  _INTCON1bits = 0x80
                    0x0082                  INTCON2 = 0x82
                    0x0082                  _INTCON2 = 0x82
                    0x0082                  _INTCON2bits = 0x82
                    0x0084                  IFS0 = 0x84
                    0x0084                  _IFS0 = 0x84
                    0x0084                  _IFS0bits = 0x84
                    0x0086                  IFS1 = 0x86
                    0x0086                  _IFS1 = 0x86
                    0x0086                  _IFS1bits = 0x86
                    0x0088                  IFS2 = 0x88
                    0x0088                  _IFS2 = 0x88
                    0x0088                  _IFS2bits = 0x88
                    0x008a                  IFS3 = 0x8a
                    0x008a                  _IFS3 = 0x8a
                    0x008a                  _IFS3bits = 0x8a
                    0x008c                  IFS4 = 0x8c
                    0x008c                  _IFS4 = 0x8c
                    0x008c                  _IFS4bits = 0x8c
                    0x0094                  IEC0 = 0x94
                    0x0094                  _IEC0 = 0x94
                    0x0094                  _IEC0bits = 0x94
                    0x0096                  IEC1 = 0x96
                    0x0096                  _IEC1 = 0x96
                    0x0096                  _IEC1bits = 0x96
                    0x0098                  IEC2 = 0x98
                    0x0098                  _IEC2 = 0x98
                    0x0098                  _IEC2bits = 0x98
                    0x009a                  IEC3 = 0x9a
                    0x009a                  _IEC3 = 0x9a
                    0x009a                  _IEC3bits = 0x9a
                    0x009c                  IEC4 = 0x9c
                    0x009c                  _IEC4 = 0x9c
                    0x009c                  _IEC4bits = 0x9c
                    0x00a4                  IPC0 = 0xa4
                    0x00a4                  _IPC0 = 0xa4
                    0x00a4                  _IPC0bits = 0xa4
                    0x00a6                  IPC1 = 0xa6
                    0x00a6                  _IPC1 = 0xa6
                    0x00a6                  _IPC1bits = 0xa6
                    0x00a8                  IPC2 = 0xa8
                    0x00a8                  _IPC2 = 0xa8
                    0x00a8                  _IPC2bits = 0xa8
                    0x00aa                  IPC3 = 0xaa
                    0x00aa                  _IPC3 = 0xaa
                    0x00aa                  _IPC3bits = 0xaa
                    0x00ac                  IPC4 = 0xac
                    0x00ac                  _IPC4 = 0xac
                    0x00ac                  _IPC4bits = 0xac
                    0x00ae                  IPC5 = 0xae
                    0x00ae                  _IPC5 = 0xae
                    0x00ae                  _IPC5bits = 0xae
                    0x00b0                  IPC6 = 0xb0
                    0x00b0                  _IPC6 = 0xb0
                    0x00b0                  _IPC6bits = 0xb0
                    0x00b2                  IPC7 = 0xb2
                    0x00b2                  _IPC7 = 0xb2
                    0x00b2                  _IPC7bits = 0xb2
                    0x00b4                  IPC8 = 0xb4
                    0x00b4                  _IPC8 = 0xb4
                    0x00b4                  _IPC8bits = 0xb4
                    0x00b6                  IPC9 = 0xb6
                    0x00b6                  _IPC9 = 0xb6
                    0x00b6                  _IPC9bits = 0xb6
                    0x00b8                  IPC10 = 0xb8
                    0x00b8                  _IPC10 = 0xb8
                    0x00b8                  _IPC10bits = 0xb8
                    0x00ba                  IPC11 = 0xba
                    0x00ba                  _IPC11 = 0xba
                    0x00ba                  _IPC11bits = 0xba
                    0x00bc                  IPC12 = 0xbc
                    0x00bc                  _IPC12 = 0xbc
                    0x00bc                  _IPC12bits = 0xbc
                    0x00be                  IPC13 = 0xbe
                    0x00be                  _IPC13 = 0xbe
                    0x00be                  _IPC13bits = 0xbe
                    0x00c2                  IPC15 = 0xc2
                    0x00c2                  _IPC15 = 0xc2
                    0x00c2                  _IPC15bits = 0xc2
                    0x00c4                  IPC16 = 0xc4
                    0x00c4                  _IPC16 = 0xc4
                    0x00c4                  _IPC16bits = 0xc4
                    0x00e0                  INTTREG = 0xe0
                    0x00e0                  _INTTREG = 0xe0
                    0x00e0                  _INTTREGbits = 0xe0
                    0x0100                  TMR1 = 0x100
                    0x0100                  _TMR1 = 0x100
                    0x0102                  PR1 = 0x102
                    0x0102                  _PR1 = 0x102
                    0x0104                  T1CON = 0x104
                    0x0104                  _T1CON = 0x104
                    0x0104                  _T1CONbits = 0x104
                    0x0106                  TMR2 = 0x106
                    0x0106                  _TMR2 = 0x106
                    0x0108                  TMR3HLD = 0x108
                    0x0108                  _TMR3HLD = 0x108
                    0x010a                  TMR3 = 0x10a
                    0x010a                  _TMR3 = 0x10a
                    0x010c                  PR2 = 0x10c
                    0x010c                  _PR2 = 0x10c
                    0x010e                  PR3 = 0x10e
                    0x010e                  _PR3 = 0x10e
                    0x0110                  T2CON = 0x110
                    0x0110                  _T2CON = 0x110
                    0x0110                  _T2CONbits = 0x110
                    0x0112                  T3CON = 0x112
                    0x0112                  _T3CON = 0x112
                    0x0112                  _T3CONbits = 0x112
                    0x0114                  TMR4 = 0x114
                    0x0114                  _TMR4 = 0x114
                    0x0116                  TMR5HLD = 0x116
                    0x0116                  _TMR5HLD = 0x116
                    0x0118                  TMR5 = 0x118
                    0x0118                  _TMR5 = 0x118
                    0x011a                  PR4 = 0x11a
                    0x011a                  _PR4 = 0x11a
                    0x011c                  PR5 = 0x11c
                    0x011c                  _PR5 = 0x11c
                    0x011e                  T4CON = 0x11e
                    0x011e                  _T4CON = 0x11e
                    0x011e                  _T4CONbits = 0x11e
                    0x0120                  T5CON = 0x120
                    0x0120                  _T5CON = 0x120
                    0x0120                  _T5CONbits = 0x120
                    0x0140                  IC1BUF = 0x140
                    0x0140                  _IC1BUF = 0x140
                    0x0142                  IC1CON = 0x142
                    0x0142                  _IC1CON = 0x142
                    0x0142                  _IC1CONbits = 0x142
                    0x0144                  IC2BUF = 0x144
                    0x0144                  _IC2BUF = 0x144
                    0x0146                  IC2CON = 0x146
                    0x0146                  _IC2CON = 0x146
                    0x0146                  _IC2CONbits = 0x146
                    0x0148                  IC3BUF = 0x148
                    0x0148                  _IC3BUF = 0x148
                    0x014a                  IC3CON = 0x14a
                    0x014a                  _IC3CON = 0x14a
                    0x014a                  _IC3CONbits = 0x14a
                    0x014c                  IC4BUF = 0x14c
                    0x014c                  _IC4BUF = 0x14c
                    0x014e                  IC4CON = 0x14e
                    0x014e                  _IC4CON = 0x14e
                    0x014e                  _IC4CONbits = 0x14e
                    0x0150                  IC5BUF = 0x150
                    0x0150                  _IC5BUF = 0x150
                    0x0152                  IC5CON = 0x152
                    0x0152                  _IC5CON = 0x152
                    0x0152                  _IC5CONbits = 0x152
                    0x0180                  OC1RS = 0x180
                    0x0180                  _OC1RS = 0x180
                    0x0182                  OC1R = 0x182
                    0x0182                  _OC1R = 0x182
                    0x0184                  OC1CON = 0x184
                    0x0184                  _OC1CON = 0x184
                    0x0184                  _OC1CONbits = 0x184
                    0x0186                  OC2RS = 0x186
                    0x0186                  _OC2RS = 0x186
                    0x0188                  OC2R = 0x188
                    0x0188                  _OC2R = 0x188
                    0x018a                  OC2CON = 0x18a
                    0x018a                  _OC2CON = 0x18a
                    0x018a                  _OC2CONbits = 0x18a
                    0x018c                  OC3RS = 0x18c
                    0x018c                  _OC3RS = 0x18c
                    0x018e                  OC3R = 0x18e
                    0x018e                  _OC3R = 0x18e
                    0x0190                  OC3CON = 0x190
                    0x0190                  _OC3CON = 0x190
                    0x0190                  _OC3CONbits = 0x190
                    0x0192                  OC4RS = 0x192
                    0x0192                  _OC4RS = 0x192
                    0x0194                  OC4R = 0x194
                    0x0194                  _OC4R = 0x194
                    0x0196                  OC4CON = 0x196
                    0x0196                  _OC4CON = 0x196
                    0x0196                  _OC4CONbits = 0x196
                    0x0198                  OC5RS = 0x198
                    0x0198                  _OC5RS = 0x198
                    0x019a                  OC5R = 0x19a
                    0x019a                  _OC5R = 0x19a
                    0x019c                  OC5CON = 0x19c
                    0x019c                  _OC5CON = 0x19c
                    0x019c                  _OC5CONbits = 0x19c
                    0x0200                  I2C1RCV = 0x200
                    0x0200                  _I2C1RCV = 0x200
                    0x0202                  I2C1TRN = 0x202
                    0x0202                  _I2C1TRN = 0x202
                    0x0204                  I2C1BRG = 0x204
                    0x0204                  _I2C1BRG = 0x204
                    0x0206                  I2C1CON = 0x206
                    0x0206                  _I2C1CON = 0x206
                    0x0206                  _I2C1CONbits = 0x206
                    0x0208                  I2C1STAT = 0x208
                    0x0208                  _I2C1STAT = 0x208
                    0x0208                  _I2C1STATbits = 0x208
                    0x020a                  I2C1ADD = 0x20a
                    0x020a                  _I2C1ADD = 0x20a
                    0x020c                  I2C1MSK = 0x20c
                    0x020c                  _I2C1MSK = 0x20c
                    0x0210                  I2C2RCV = 0x210
                    0x0210                  _I2C2RCV = 0x210
                    0x0212                  I2C2TRN = 0x212
                    0x0212                  _I2C2TRN = 0x212
                    0x0214                  I2C2BRG = 0x214
                    0x0214                  _I2C2BRG = 0x214
                    0x0216                  I2C2CON = 0x216
                    0x0216                  _I2C2CON = 0x216
                    0x0216                  _I2C2CONbits = 0x216
                    0x0218                  I2C2STAT = 0x218
                    0x0218                  _I2C2STAT = 0x218
                    0x0218                  _I2C2STATbits = 0x218
                    0x021a                  I2C2ADD = 0x21a
                    0x021a                  _I2C2ADD = 0x21a
                    0x021c                  I2C2MSK = 0x21c
                    0x021c                  _I2C2MSK = 0x21c
                    0x0220                  U1MODE = 0x220
                    0x0220                  _U1MODE = 0x220
                    0x0220                  _U1MODEbits = 0x220
                    0x0222                  U1STA = 0x222
                    0x0222                  _U1STA = 0x222
                    0x0222                  _U1STAbits = 0x222
                    0x0224                  U1TXREG = 0x224
                    0x0224                  _U1TXREG = 0x224
                    0x0226                  U1RXREG = 0x226
                    0x0226                  _U1RXREG = 0x226
                    0x0228                  U1BRG = 0x228
                    0x0228                  _U1BRG = 0x228
                    0x0230                  U2MODE = 0x230
                    0x0230                  _U2MODE = 0x230
                    0x0230                  _U2MODEbits = 0x230
                    0x0232                  U2STA = 0x232
                    0x0232                  _U2STA = 0x232
                    0x0232                  _U2STAbits = 0x232
                    0x0234                  U2TXREG = 0x234
                    0x0234                  _U2TXREG = 0x234
                    0x0236                  U2RXREG = 0x236
                    0x0236                  _U2RXREG = 0x236
                    0x0238                  U2BRG = 0x238
                    0x0238                  _U2BRG = 0x238
                    0x0240                  SPI1STAT = 0x240
                    0x0240                  _SPI1STAT = 0x240
                    0x0240                  _SPI1STATbits = 0x240
                    0x0242                  SPI1CON1 = 0x242
                    0x0242                  _SPI1CON1 = 0x242
                    0x0242                  _SPI1CON1bits = 0x242
                    0x0244                  SPI1CON2 = 0x244
                    0x0244                  _SPI1CON2 = 0x244
                    0x0244                  _SPI1CON2bits = 0x244
                    0x0248                  SPI1BUF = 0x248
                    0x0248                  _SPI1BUF = 0x248
                    0x0260                  SPI2STAT = 0x260
                    0x0260                  _SPI2STAT = 0x260
                    0x0260                  _SPI2STATbits = 0x260
                    0x0262                  SPI2CON1 = 0x262
                    0x0262                  _SPI2CON1 = 0x262
                    0x0262                  _SPI2CON1bits = 0x262
                    0x0264                  SPI2CON2 = 0x264
                    0x0264                  _SPI2CON2 = 0x264
                    0x0264                  _SPI2CON2bits = 0x264
                    0x0268                  SPI2BUF = 0x268
                    0x0268                  _SPI2BUF = 0x268
                    0x02c6                  TRISB = 0x2c6
                    0x02c6                  _TRISB = 0x2c6
                    0x02c6                  _TRISBbits = 0x2c6
                    0x02c8                  PORTB = 0x2c8
                    0x02c8                  _PORTB = 0x2c8
                    0x02c8                  _PORTBbits = 0x2c8
                    0x02ca                  LATB = 0x2ca
                    0x02ca                  _LATB = 0x2ca
                    0x02ca                  _LATBbits = 0x2ca
                    0x02cc                  TRISC = 0x2cc
                    0x02cc                  _TRISC = 0x2cc
                    0x02cc                  _TRISCbits = 0x2cc
                    0x02ce                  PORTC = 0x2ce
                    0x02ce                  _PORTC = 0x2ce
                    0x02ce                  _PORTCbits = 0x2ce
                    0x02d0                  LATC = 0x2d0
                    0x02d0                  _LATC = 0x2d0
                    0x02d0                  _LATCbits = 0x2d0
                    0x02d2                  TRISD = 0x2d2
                    0x02d2                  _TRISD = 0x2d2
                    0x02d2                  _TRISDbits = 0x2d2
                    0x02d4                  PORTD = 0x2d4
                    0x02d4                  _PORTD = 0x2d4
                    0x02d4                  _PORTDbits = 0x2d4
                    0x02d6                  LATD = 0x2d6
                    0x02d6                  _LATD = 0x2d6
                    0x02d6                  _LATDbits = 0x2d6
                    0x02d8                  TRISE = 0x2d8
                    0x02d8                  _TRISE = 0x2d8
                    0x02d8                  _TRISEbits = 0x2d8
                    0x02da                  PORTE = 0x2da
                    0x02da                  _PORTE = 0x2da
                    0x02da                  _PORTEbits = 0x2da
                    0x02dc                  LATE = 0x2dc
                    0x02dc                  _LATE = 0x2dc
                    0x02dc                  _LATEbits = 0x2dc
                    0x02de                  TRISF = 0x2de
                    0x02de                  _TRISF = 0x2de
                    0x02de                  _TRISFbits = 0x2de
                    0x02e0                  PORTF = 0x2e0
                    0x02e0                  _PORTF = 0x2e0
                    0x02e0                  _PORTFbits = 0x2e0
                    0x02e2                  LATF = 0x2e2
                    0x02e2                  _LATF = 0x2e2
                    0x02e2                  _LATFbits = 0x2e2
                    0x02e4                  TRISG = 0x2e4
                    0x02e4                  _TRISG = 0x2e4
                    0x02e4                  _TRISGbits = 0x2e4
                    0x02e6                  PORTG = 0x2e6
                    0x02e6                  _PORTG = 0x2e6
                    0x02e6                  _PORTGbits = 0x2e6
                    0x02e8                  LATG = 0x2e8
                    0x02e8                  _LATG = 0x2e8
                    0x02e8                  _LATGbits = 0x2e8
                    0x02fc                  PADCFG1 = 0x2fc
                    0x02fc                  _PADCFG1 = 0x2fc
                    0x02fc                  _PADCFG1bits = 0x2fc
                    0x0300                  ADC1BUF0 = 0x300
                    0x0300                  _ADC1BUF0 = 0x300
                    0x0302                  ADC1BUF1 = 0x302
                    0x0302                  _ADC1BUF1 = 0x302
                    0x0304                  ADC1BUF2 = 0x304
                    0x0304                  _ADC1BUF2 = 0x304
                    0x0306                  ADC1BUF3 = 0x306
                    0x0306                  _ADC1BUF3 = 0x306
                    0x0308                  ADC1BUF4 = 0x308
                    0x0308                  _ADC1BUF4 = 0x308
                    0x030a                  ADC1BUF5 = 0x30a
                    0x030a                  _ADC1BUF5 = 0x30a
                    0x030c                  ADC1BUF6 = 0x30c
                    0x030c                  _ADC1BUF6 = 0x30c
                    0x030e                  ADC1BUF7 = 0x30e
                    0x030e                  _ADC1BUF7 = 0x30e
                    0x0310                  ADC1BUF8 = 0x310
                    0x0310                  _ADC1BUF8 = 0x310
                    0x0312                  ADC1BUF9 = 0x312
                    0x0312                  _ADC1BUF9 = 0x312
                    0x0314                  ADC1BUFA = 0x314
                    0x0314                  _ADC1BUFA = 0x314
                    0x0316                  ADC1BUFB = 0x316
                    0x0316                  _ADC1BUFB = 0x316
                    0x0318                  ADC1BUFC = 0x318
                    0x0318                  _ADC1BUFC = 0x318
                    0x031a                  ADC1BUFD = 0x31a
                    0x031a                  _ADC1BUFD = 0x31a
                    0x031c                  ADC1BUFE = 0x31c
                    0x031c                  _ADC1BUFE = 0x31c
                    0x031e                  ADC1BUFF = 0x31e
                    0x031e                  _ADC1BUFF = 0x31e
                    0x0320                  AD1CON1 = 0x320
                    0x0320                  _AD1CON1 = 0x320
                    0x0320                  _AD1CON1bits = 0x320
                    0x0322                  AD1CON2 = 0x322
                    0x0322                  _AD1CON2 = 0x322
                    0x0322                  _AD1CON2bits = 0x322
                    0x0324                  AD1CON3 = 0x324
                    0x0324                  _AD1CON3 = 0x324
                    0x0324                  _AD1CON3bits = 0x324
                    0x0328                  AD1CHS = 0x328
                    0x0328                  _AD1CHS = 0x328
                    0x0328                  _AD1CHSbits = 0x328
                    0x032c                  AD1PCFG = 0x32c
                    0x032c                  _AD1PCFG = 0x32c
                    0x032c                  _AD1PCFGbits = 0x32c
                    0x0330                  AD1CSSL = 0x330
                    0x0330                  _AD1CSSL = 0x330
                    0x0330                  _AD1CSSLbits = 0x330
                    0x0600                  PMCON = 0x600
                    0x0600                  _PMCON = 0x600
                    0x0600                  _PMCONbits = 0x600
                    0x0602                  PMMODE = 0x602
                    0x0602                  _PMMODE = 0x602
                    0x0602                  _PMMODEbits = 0x602
                    0x0604                  PMADDR = 0x604
                    0x0604                  _PMADDR = 0x604
                    0x0604                  _PMADDRbits = 0x604
                    0x0604                  PMDOUT1 = 0x604
                    0x0604                  _PMDOUT1 = 0x604
                    0x0604                  _PMDOUT1bits = 0x604
                    0x0606                  PMDOUT2 = 0x606
                    0x0606                  _PMDOUT2 = 0x606
                    0x0608                  PMDIN1 = 0x608
                    0x0608                  _PMDIN1 = 0x608
                    0x060a                  PMDIN2 = 0x60a
                    0x060a                  _PMDIN2 = 0x60a
                    0x060c                  PMAEN = 0x60c
                    0x060c                  _PMAEN = 0x60c
                    0x060c                  _PMAENbits = 0x60c
                    0x060e                  PMSTAT = 0x60e
                    0x060e                  _PMSTAT = 0x60e
                    0x060e                  _PMSTATbits = 0x60e
                    0x0620                  ALRMVAL = 0x620
                    0x0620                  _ALRMVAL = 0x620
                    0x0622                  ALCFGRPT = 0x622
                    0x0622                  _ALCFGRPT = 0x622
                    0x0622                  _ALCFGRPTbits = 0x622
                    0x0624                  RTCVAL = 0x624
                    0x0624                  _RTCVAL = 0x624
                    0x0626                  RCFGCAL = 0x626
                    0x0626                  _RCFGCAL = 0x626
                    0x0626                  _RCFGCALbits = 0x626
                    0x0630                  CMCON = 0x630
                    0x0630                  _CMCON = 0x630
                    0x0630                  _CMCONbits = 0x630
                    0x0632                  CVRCON = 0x632
                    0x0632                  _CVRCON = 0x632
                    0x0632                  _CVRCONbits = 0x632
                    0x0640                  CRCCON = 0x640
                    0x0640                  _CRCCON = 0x640
                    0x0640                  _CRCCONbits = 0x640
                    0x0642                  CRCXOR = 0x642
                    0x0642                  _CRCXOR = 0x642
                    0x0642                  _CRCXORbits = 0x642
                    0x0644                  CRCDAT = 0x644
                    0x0644                  _CRCDAT = 0x644
                    0x0646                  CRCWDAT = 0x646
                    0x0646                  _CRCWDAT = 0x646
                    0x06c6                  ODCB = 0x6c6
                    0x06c6                  _ODCB = 0x6c6
                    0x06c6                  _ODCBbits = 0x6c6
                    0x06cc                  ODCC = 0x6cc
                    0x06cc                  _ODCC = 0x6cc
                    0x06cc                  _ODCCbits = 0x6cc
                    0x06d2                  ODCD = 0x6d2
                    0x06d2                  _ODCD = 0x6d2
                    0x06d2                  _ODCDbits = 0x6d2
                    0x06d8                  ODCE = 0x6d8
                    0x06d8                  _ODCE = 0x6d8
                    0x06d8                  _ODCEbits = 0x6d8
                    0x06de                  ODCF = 0x6de
                    0x06de                  _ODCF = 0x6de
                    0x06de                  _ODCFbits = 0x6de
                    0x06e4                  ODCG = 0x6e4
                    0x06e4                  _ODCG = 0x6e4
                    0x06e4                  _ODCGbits = 0x6e4
                    0x0740                  RCON = 0x740
                    0x0740                  _RCON = 0x740
                    0x0740                  _RCONbits = 0x740
                    0x0742                  OSCCON = 0x742
                    0x0742                  _OSCCON = 0x742
                    0x0742                  _OSCCONbits = 0x742
                    0x0742                  OSCCONL = 0x742
                    0x0742                  _OSCCONL = 0x742
                    0x0743                  OSCCONH = 0x743
                    0x0743                  _OSCCONH = 0x743
                    0x0744                  CLKDIV = 0x744
                    0x0744                  _CLKDIV = 0x744
                    0x0744                  _CLKDIVbits = 0x744
                    0x0748                  OSCTUN = 0x748
                    0x0748                  _OSCTUN = 0x748
                    0x0748                  _OSCTUNbits = 0x748
                    0x0760                  NVMCON = 0x760
                    0x0760                  _NVMCON = 0x760
                    0x0760                  _NVMCONbits = 0x760
                    0x0766                  NVMKEY = 0x766
                    0x0766                  _NVMKEY = 0x766
                    0x0770                  PMD1 = 0x770
                    0x0770                  _PMD1 = 0x770
                    0x0770                  _PMD1bits = 0x770
                    0x0772                  PMD2 = 0x772
                    0x0772                  _PMD2 = 0x772
                    0x0772                  _PMD2bits = 0x772
                    0x0774                  PMD3 = 0x774
                    0x0774                  _PMD3 = 0x774
                    0x0774                  _PMD3bits = 0x774
                    0x0140                  IC1 = 0x140
                    0x0140                  _IC1 = 0x140
                    0x0144                  IC2 = 0x144
                    0x0144                  _IC2 = 0x144
                    0x0148                  IC3 = 0x148
                    0x0148                  _IC3 = 0x148
                    0x014c                  IC4 = 0x14c
                    0x014c                  _IC4 = 0x14c
                    0x0150                  IC5 = 0x150
                    0x0150                  _IC5 = 0x150
                    0x0180                  OC1 = 0x180
                    0x0180                  _OC1 = 0x180
                    0x0186                  OC2 = 0x186
                    0x0186                  _OC2 = 0x186
                    0x018c                  OC3 = 0x18c
                    0x018c                  _OC3 = 0x18c
                    0x0192                  OC4 = 0x192
                    0x0192                  _OC4 = 0x192
                    0x0198                  OC5 = 0x198
                    0x0198                  _OC5 = 0x198
                    0x0240                  SPI1 = 0x240
                    0x0240                  _SPI1 = 0x240
                    0x0260                  SPI2 = 0x260
                    0x0260                  _SPI2 = 0x260
                    0x0220                  UART1 = 0x220
                    0x0220                  _UART1 = 0x220
                    0x0230                  UART2 = 0x230
                    0x0230                  _UART2 = 0x230
START GROUP
LOAD c:/program files (x86)/microchip/xc16/v1.36/bin/bin/../../lib\libpic30-elf.a
LOAD c:/program files (x86)/microchip/xc16/v1.36/bin/bin/../../lib\libm-elf.a
LOAD c:/program files (x86)/microchip/xc16/v1.36/bin/bin/../../lib\libc-elf.a
END GROUP
OUTPUT(dist/default/production/Placa_Gravacao_Universal.X.production.elf elf32-pic30)
LOAD jump_table
LOAD default_isr
LOAD data_init

.debug_pubtypes
                  0x000120        0x668
 .debug_pubtypes
                  0x000120         0x3e build/default/production/_ext/1472/bus_RS232_U2.o
 .debug_pubtypes
                  0x00015e         0x5b build/default/production/_ext/1472/bus_slave_gr.o
 .debug_pubtypes
                  0x0001b9        0x24f build/default/production/_ext/1472/Gravador USB.o
 .debug_pubtypes
                  0x000408         0x3c build/default/production/_ext/1472/Memoria.o
 .debug_pubtypes
                  0x000444         0x78 build/default/production/_ext/1472/PIC_Prog_16F.o
 .debug_pubtypes
                  0x0004bc         0x59 build/default/production/_ext/1472/PIC_Prog_16F1XXX.o
 .debug_pubtypes
                  0x000515         0x59 build/default/production/_ext/1472/PIC_Prog_16F6XX.o
 .debug_pubtypes
                  0x00056e         0x59 build/default/production/_ext/1472/PIC_Prog_16F506.o
 .debug_pubtypes
                  0x0005c7         0x78 build/default/production/_ext/1472/PIC_Prog_24FJ.o
 .debug_pubtypes
                  0x00063f         0x95 build/default/production/_ext/1472/ProgExecutive.o
 .debug_pubtypes
                  0x0006d4         0x3c build/default/production/_ext/1472/recebe_arq.o
 .debug_pubtypes
                  0x000710         0x78 build/default/production/_ext/1472/grava_pic16f15344.o

__c30_signature
                  0x000788         0x60
 __c30_signature
                  0x000788          0x6 build/default/production/_ext/1472/bus_RS232_U2.o
 __c30_signature
                  0x00078e          0x6 build/default/production/_ext/1472/bus_slave_gr.o
 __c30_signature
                  0x000794          0x6 build/default/production/_ext/1472/Gravador USB.o
 __c30_signature
                  0x00079a          0x6 build/default/production/_ext/1472/Memoria.o
 __c30_signature
                  0x0007a0          0x6 build/default/production/_ext/1472/PIC_Prog_16F.o
 __c30_signature
                  0x0007a6          0x6 build/default/production/_ext/1472/PIC_Prog_16F1XXX.o
 __c30_signature
                  0x0007ac          0x6 build/default/production/_ext/1472/PIC_Prog_16F6XX.o
 __c30_signature
                  0x0007b2          0x6 build/default/production/_ext/1472/PIC_Prog_16F506.o
 __c30_signature
                  0x0007b8          0x6 build/default/production/_ext/1472/PIC_Prog_24FJ.o
 __c30_signature
                  0x0007be          0x6 build/default/production/_ext/1472/ProgExecutive.o
 __c30_signature
                  0x0007c4          0x6 build/default/production/_ext/1472/recebe_arq.o
 __c30_signature
                  0x0007ca          0x6 build/default/production/_ext/1472/PIC_Prog_16F153XX.o
 __c30_signature
                  0x0007d0          0x6 build/default/production/_ext/1472/grava_pic16f15344.o
 __c30_signature
                  0x0007d6          0x6 c:/program files (x86)/microchip/xc16/v1.36/bin/bin/../../lib\libpic30-elf.a(crt0_standard.o)
 __c30_signature
                  0x0007dc          0x6 c:/program files (x86)/microchip/xc16/v1.36/bin/bin/../../lib\libpic30-elf.a(data_init_standard.o)
 __c30_signature
                  0x0007e2          0x6 c:/program files (x86)/microchip/xc16/v1.36/bin/bin/../../lib\libc-elf.a(memcpy.eo)

.bss                0x0800       0x1b78
 .bss               0x0800       0x1b6c build/default/production/_ext/1472/Gravador USB.o
                    0x0800                  _bus_rx_buffer
                    0x0878                  _bus_tx_buffer
                    0x08f0                  _buffer
                    0x0922                  _BUS_CRC_tx
                    0x0923                  _BUS_CRC_rx
                    0x0924                  _TesteDebug
                    0x0928                  _bus_tx_buffer_U2
                    0x095a                  _buffer_U2
                    0x098c                  _BUS_CRC_tx_U2
                    0x098d                  _BUS_CRC_rx_U2
                    0x098e                  _board_type_recieved_U2
                    0x098f                  _board_type_U2
                    0x0990                  _addr_recieved_U2
                    0x0991                  _command_recieved_U2
                    0x0992                  _count_byte_rx_U2
                    0x0993                  _count_byte_line_U2
                    0x0994                  _count_byte_tx_U2
                    0x0995                  _num_bytes_U2
                    0x0996                  _rx_timeout_U2
                    0x0998                  _recieved_a_message_U2
                    0x0999                  _tx_state_U2
                    0x099a                  _process_message_U2
                    0x099b                  _message_to_send_U2
                    0x099c                  _CheckSum
                    0x099d                  _CheckSum_x
                    0x099e                  _CheckSum_y
                    0x099f                  _TempHex
                    0x09a0                  _tx_delay_U2
                    0x09a2                  _ReceiverState
                    0x09a3                  _board_type_recieved
                    0x09a4                  _addr_value
                    0x09a5                  _addr_recieved
                    0x09a6                  _send_msg_state
                    0x09a7                  _command_recieved
                    0x09a8                  _rx_count
                    0x09a9                  _count_byte_tx
                    0x09aa                  _num_bytes
                    0x09ab                  _BUS_ACK
                    0x09ac                  _full_recieved
                    0x09ad                  _broadcast
                    0x09ae                  _rx_timeout
                    0x09af                  _count_byte_rx
                    0x09b0                  _recieved_a_message
                    0x09b1                  _tx_state
                    0x09b2                  _process_message
                    0x09b3                  _message_to_send
                    0x09b4                  _time_adc
                    0x09b5                  _temp
                    0x09b6                  _NumProg
                    0x09b8                  _mseg_temp
                    0x09ba                  _mseg_temp_x
                    0x09bc                  _mileseg_temp
                    0x09be                  _seconds_temp
                    0x09c0                  _ADCValue
                    0x09c2                  _time_delay
                    0x09c4                  _tx_delay
                    0x09c6                  _ADCValue_1
                    0x09ca                  _temp_debug
                    0x09cc                  __flags_2
                    0x09ce                  __flags
                    0x09d0                  _ByteCount
                    0x09d2                  _Address
                    0x09d4                  _RecordType
                    0x09d5                  _DataHex
                    0x09e5                  _DelayTera
                    0x09e6                  _DelayTprogMem
                    0x09e7                  _DelayTprogData
                    0x09e8                  _DelayThld0
                    0x09ea                  _DelayProg
                    0x09ec                  _ContError
                    0x09ee                  _flag_344
                    0x09f0                  _Temp
                    0x09f2                  _Instrucoes16F
                    0x09f4                  _BufferLine
                    0x0bf4                  _BufferTeste
                    0x0df4                  _BufferTesteFlash
                    0x0ff4                  _MemoryBuffer
                    0x11f6                  _packed_instructions
                    0x120e                  _VersaoSW
                    0x121a                  _StatusGr
                    0x121b                  _Processador
                    0x121c                  _AddrGR
                    0x121d                  _LoopFlash
                    0x121e                  _CountBlock
                    0x1220                  _teste_count
                    0x1222                  _IndexBuffer
                    0x1224                  _MaxMemory
                    0x1226                  _LastAddr
                    0x122a                  _AddrFlash
                    0x122e                  _EnderecoFlash
                    0x1232                  _Endereco
                    0x1236                  _Endereco16F
                    0x123a                  _Endereco24F
                    0x123e                  _EnderecoBase
                    0x1242                  _DestEnder
                    0x1246                  _EndFinal
                    0x124a                  _conf_address1
                    0x124e                  _conf_address2
                    0x1252                  _conf_address3
                    0x1256                  _conf_address4
                    0x125a                  _ADCValueVpp
                    0x125c                  _ADCValueVdd
                    0x125e                  _ADCValueV
                    0x1260                  _WordProg
                    0x2260                  _AddrProg
                    0x2262                  _ConfWord
                    0x2264                  _ContByteProg
                    0x2266                  _AddrData
                    0x2268                  _BufferTemporario
                    0x2330                  _BufferError
                    0x2358                  _AddressTeste1
                    0x235a                  _AddressTeste2
                    0x235c                  _ContPacked
                    0x235d                  _CountRead
                    0x235e                  _CountWord
                    0x2360                  _cw1
                    0x2362                  _cw2
                    0x2364                  _cw3
                    0x2366                  _cw4
                    0x2368                  _AuxTest
 .bss               0x236c          0x8 build/default/production/_ext/1472/PIC_Prog_24FJ.o
                    0x236c                  _c_asm_char
 .bss               0x2374          0x2 build/default/production/_ext/1472/bus_slave_gr.o
 .bss               0x2376          0x2 build/default/production/_ext/1472/Memoria.o

.data               0x2378          0x2
 .data              0x2378          0x2 build/default/production/_ext/1472/PIC_Prog_24FJ.o
                    0x2378                  _blocoDeInstrucoes

.ivt._ADC1Interrupt
                  0x00002e          0x2
 .ivt._ADC1Interrupt
                  0x00002e          0x2 build/default/production/_ext/1472/Gravador USB.o

.ivt._T1Interrupt
                  0x00001a          0x2
 .ivt._T1Interrupt
                  0x00001a          0x2 build/default/production/_ext/1472/Gravador USB.o

.text             0x0004fa       0x6652
 .text            0x0004fa       0x1a82 build/default/production/_ext/1472/PIC_Prog_24FJ.o
                  0x0004fa                  _SendSIX_startup
                  0x00053c                  _SendSIX_Command
                  0x000a3c                  _SendREGOUT_Command
                  0x000bec                  _SendKeySequence
                  0x000c6c                  _EnterICSP_Mode
                  0x000ce4                  _ExitICSP_Mode
                  0x000d06                  _ExitResetVector
                  0x000d16                  _AguardaWR1
                  0x000d44                  _ChipErase
                  0x000d94                  _PackInstructions
                  0x001052                  _BlockProgramCycle
                  0x00122e                  _UnpackInstructions
                  0x001308                  _ReadBlockFromProgMem
                  0x00157a                  _LeConfigurationMemory24FJ
                  0x001800                  _ProgramConfigurationMemory24FJ
                  0x001b5e                  _SendBlock24FJ
                  0x001b90                  _InicializaBloco
                  0x001bb4                  _MontaBloco64
                  0x001df6                  _Programa24FJ
 .text            0x001f7c       0x1096 build/default/production/_ext/1472/ProgExecutive.o
                  0x001f7c                  _ReadExecutiveData
                  0x0020ae                  _SendExecutiveData
                  0x002238                  _LeAppID
                  0x0022cc                  _ProgExecutiveProg
                  0x0023ec                  _EraseExecutiveProg
                  0x00252c                  _Programa24fjExecutiveFlash
                  0x00281a                  _VerifyExecutive
                  0x0028c8                  _ProgExecutive24FJ
                  0x0029a2                  _BlockProgramCycleExecutive
                  0x002c24                  _ProgramaConfigBit
                  0x002d60                  _ProgramaBloco
                  0x002e78                  _BlockProgramFlash
 .text            0x003012        0xbfa build/default/production/_ext/1472/grava_pic16f15344.o
                  0x003012                  _p16c_enter_progmode
                  0x003052                  _isp_send_8_msb
                  0x0030c6                  _isp_send_24_msb
                  0x0031a8                  _isp_read_8_msb
                  0x003228                  _isp_read_16_msb
                  0x0032a8                  _p16c_set_pc
                  0x0032d8                  _p16c_bulk_erase
                  0x0032e6                  _p16c_load_nvm
                  0x003346                  _p16c_read_data_nvm
                  0x00339c                  _p16c_begin_prog
                  0x0033b6                  _p16c_get_ID
                  0x0033c6                  _p16c_isp_write_pgm
                  0x003404                  _p16c_isp_read_pgm
                  0x00343a                  _isp_inc_pointer
                  0x003444                  _ExitWordMode344_1
                  0x00345c                  _EnterProgMode344_xx
                  0x00349c                  _MontaHeader_1
                  0x0035d2                  _MontaProg344_1
                  0x00368e                  _ProgWord344_1
                  0x003710                  _VerifyProgMem344_1
                  0x003876                  _ProgConfigMem344_1
                  0x003918                  _ProgData344_1
                  0x00393a                  _ExitProgMode344_1
                  0x003952                  _grava_pic16f15344
 .text            0x003c0c        0x7ba build/default/production/_ext/1472/PIC_Prog_16F1XXX.o
                  0x003c0c                  _BulkEraseProgData1828
                  0x003c70                  _EnterProgMode1828
                  0x003cb0                  _ExitProgMode1828
                  0x003cc8                  _Programa1828
                  0x003f6c                  _ProgData1828
                  0x003ff0                  _MontaProg1828
                  0x0040f0                  _ProgWord1828
                  0x00417c                  _VerifyProgMem1828
                  0x0042ee                  _ProgConfigMem1828
 .text            0x0043c6        0x742 build/default/production/_ext/1472/recebe_arq.o
                  0x0043c6                  _ProcessaArquivo
                  0x004950                  _GravaBuffer
                  0x0049c4                  _TesteMemory
 .text            0x004b08        0x70a build/default/production/_ext/1472/PIC_Prog_16F.o
                  0x004b08                  _CharToHex
                  0x004b30                  _MontaHeader
                  0x004c66                  _ShiftCommand
                  0x004f42                  _SendCommand
                  0x005202                  _DelayCycles
 .text            0x005212        0x6d2 build/default/production/_ext/1472/Gravador USB.o
                  0x005212                  _main
                  0x0054f4                  _delay_50us
                  0x00550a                  _ChaveState
                  0x005552                  _InitGr
 .text            0x0058e4        0x656 build/default/production/_ext/1472/PIC_Prog_16F6XX.o
                  0x0058e4                  _BulkEraseProgData677
                  0x005960                  _EnterProgMode677
                  0x0059a0                  _ExitProgMode677
                  0x0059b8                  _Programa677
                  0x005b86                  _ProgFourWord677
                  0x005d5a                  _VerifyProgMem677
                  0x005ec2                  _ProgConfigMem677
 .text            0x005f3a        0x414 build/default/production/_ext/1472/PIC_Prog_16F506.o
                  0x005f3a                  _BulkEraseProgData506
                  0x006016                  _EnterProgMode506
                  0x006056                  _ExitProgMode506
                  0x00606e                  _Programa506
                  0x0061ee                  _MontaProg506
                  0x006288                  _ProgOneWord506
 .text            0x00634e        0x322 build/default/production/_ext/1472/bus_slave_gr.o
                  0x00634e                  _recieve_message
                  0x0064e4                  _send_message
 .text            0x006670        0x296 build/default/production/_ext/1472/Memoria.o
                  0x006670                  _MemorySendBlock
                  0x006696                  _MemoryGetByte
                  0x0066a8                  _MemoryGetBlock
                  0x0066d0                  _MemorySendCmd
                  0x0066ec                  _MemorySendAddr
                  0x00671e                  _MemoryBusyPin
                  0x006756                  _MemoryReadSector
                  0x006794                  _MemoryReadN
                  0x0067e0                  _MemoryLog
                  0x006806                  _MemoryWriteSector
                  0x00684a                  _MemoryReadLabel
                  0x00688c                  _MemoryWriteLabel
                  0x0068d0                  _MemoryEraseBlock
 .text            0x006906        0x246 build/default/production/_ext/1472/bus_RS232_U2.o
                  0x006906                  _recieve_message_U2
                  0x006a54                  _send_message_U2

.dinit            0x006b4c         0x22
 .dinit           0x006b4c         0x22 data_init
